
Memory Configuration

Name             Origin             Length             Attributes
FLASH            0x08000000         0x00100000         xr
SRAM             0x20000000         0x00020000         xrw
*default*        0x00000000         0xffffffff

Linker script and memory map

LOAD led.o
LOAD main.o
LOAD stm32_startup.o

.text           0x08000000      0x7e8
 *(.isr_vector)
 .isr_vector    0x08000000      0x188 stm32_startup.o
                0x08000000                vectors
 *(.text)
 .text          0x08000188       0xfc led.o
                0x08000188                delay
                0x080001b0                led_init_all
                0x08000224                led_on
                0x08000254                led_off
 .text          0x08000284      0x4cc main.o
                0x08000284                main
                0x080002b0                idle_task
                0x080002b6                task1_handler
                0x080002d8                task2_handler
                0x080002fa                task3_handler
                0x08000318                task4_handler
                0x08000336                init_systick_timer
                0x080003a0                init_scheduler_stack
                0x080003aa                init_tasks_stack
                0x080004c4                enable_processor_faults
                0x08000500                get_psp_value
                0x08000520                save_psp_value
                0x08000548                update_next_task
                0x080005d0                switch_sp_to_psp
                0x080005ea                schedule
                0x08000610                task_delay
                0x08000670                PendSV_Handler
                0x08000696                update_global_tick_count
                0x080006b0                unblock_tasks
                0x08000710                SysTick_Handler
                0x0800073c                HardFault_Handler
                0x08000742                MemManage_Handler
                0x08000748                BusFault_Handler
 .text          0x08000750       0x8c stm32_startup.o
                0x08000750                RTC_Alarm_IRQHandler
                0x08000750                HASH_RNG_IRQHandler
                0x08000750                EXTI2_IRQHandler
                0x08000750                TIM8_CC_IRQHandler
                0x08000750                DebugMon_Handler
                0x08000750                TIM1_CC_IRQHandler
                0x08000750                DMA2_Stream5_IRQHandler
                0x08000750                DMA1_Stream5_IRQHandler
                0x08000750                PVD_IRQHandler
                0x08000750                SDIO_IRQHandler
                0x08000750                TAMP_STAMP_IRQHandler
                0x08000750                NMI_Handler
                0x08000750                CAN2_RX1_IRQHandler
                0x08000750                EXTI3_IRQHandler
                0x08000750                TIM8_TRG_COM_TIM14_IRQHandler
                0x08000750                TIM1_UP_TIM10_IRQHandler
                0x08000750                TIM8_UP_TIM13_IRQHandler
                0x08000750                I2C3_ER_IRQHandler
                0x08000750                EXTI0_IRQHandler
                0x08000750                I2C2_EV_IRQHandler
                0x08000750                DMA1_Stream2_IRQHandler
                0x08000750                CAN1_RX0_IRQHandler
                0x08000750                FPU_IRQHandler
                0x08000750                OTG_HS_WKUP_IRQHandler
                0x08000750                UsageFault_Handler
                0x08000750                CAN2_SCE_IRQHandler
                0x08000750                DMA2_Stream2_IRQHandler
                0x08000750                SPI1_IRQHandler
                0x08000750                TIM6_DAC_IRQHandler
                0x08000750                TIM1_BRK_TIM9_IRQHandler
                0x08000750                DCMI_IRQHandler
                0x08000750                CAN2_RX0_IRQHandler
                0x08000750                DMA2_Stream3_IRQHandler
                0x08000750                USART6_IRQHandler
                0x08000750                USART3_IRQHandler
                0x08000750                CRYP_IRQHandler
                0x08000750                DMA2_Stream6_IRQHandler
                0x08000750                CAN1_RX1_IRQHandler
                0x08000750                UART5_IRQHandler
                0x08000750                DMA2_Stream0_IRQHandler
                0x08000750                TIM4_IRQHandler
                0x08000750                I2C1_EV_IRQHandler
                0x08000750                DMA1_Stream6_IRQHandler
                0x08000750                DMA1_Stream1_IRQHandler
                0x08000750                UART4_IRQHandler
                0x08000750                TIM3_IRQHandler
                0x08000750                RCC_IRQHandler
                0x08000750                TIM8_BRK_TIM12_IRQHandler
                0x08000750                Default_Handler
                0x08000750                EXTI15_10_IRQHandler
                0x08000750                ADC_IRQHandler
                0x08000750                DMA1_Stream7_IRQHandler
                0x08000750                TIM7_IRQHandler
                0x08000750                CAN2_TX_IRQHandler
                0x08000750                TIM5_IRQHandler
                0x08000750                DMA2_Stream7_IRQHandler
                0x08000750                I2C3_EV_IRQHandler
                0x08000750                EXTI9_5_IRQHandler
                0x08000750                RTC_WKUP_IRQHandler
                0x08000750                ETH_WKUP_IRQHandler
                0x08000750                SPI2_IRQHandler
                0x08000750                OTG_HS_EP1_IN_IRQHandler
                0x08000750                DMA1_Stream0_IRQHandler
                0x08000750                CAN1_TX_IRQHandler
                0x08000750                SVC_Handler
                0x08000750                EXTI4_IRQHandler
                0x08000750                FSMC_IRQHandler
                0x08000750                ETH_IRQHandler
                0x08000750                OTG_HS_EP1_OUT_IRQHandler
                0x08000750                WWDG_IRQHandler
                0x08000750                TIM2_IRQHandler
                0x08000750                OTG_FS_WKUP_IRQHandler
                0x08000750                TIM1_TRG_COM_TIM11_IRQHandler
                0x08000750                OTG_HS_IRQHandler
                0x08000750                EXTI1_IRQHandler
                0x08000750                USART2_IRQHandler
                0x08000750                I2C2_ER_IRQHandler
                0x08000750                DMA2_Stream1_IRQHandler
                0x08000750                CAN1_SCE_IRQHandler
                0x08000750                DMA2_Stream4_IRQHandler
                0x08000750                USART1_IRQHandler
                0x08000750                OTG_FS_IRQHandler
                0x08000750                SPI3_IRQHandler
                0x08000750                DMA1_Stream4_IRQHandler
                0x08000750                I2C1_ER_IRQHandler
                0x08000750                DMA1_Stream3_IRQHandler
                0x08000756                Reset_Handler
 *(.rodata)
 .rodata        0x080007dc        0x9 main.o
                0x080007dc                const_v_1
                0x080007e0                const_v_2
                0x080007e4                const_V_3
                0x080007e8                . = ALIGN (0x4)
 *fill*         0x080007e5        0x3 
                0x080007e8                _etext = .

.glue_7         0x080007e8        0x0
 .glue_7        0x080007e8        0x0 linker stubs

.glue_7t        0x080007e8        0x0
 .glue_7t       0x080007e8        0x0 linker stubs

.vfp11_veneer   0x080007e8        0x0
 .vfp11_veneer  0x080007e8        0x0 linker stubs

.v4_bx          0x080007e8        0x0
 .v4_bx         0x080007e8        0x0 linker stubs

.iplt           0x080007e8        0x0
 .iplt          0x080007e8        0x0 led.o

.rel.dyn        0x080007e8        0x0
 .rel.iplt      0x080007e8        0x0 led.o

.data           0x20000000        0x4 load address 0x080007e8
                0x20000000                _sdata = .
 *(.data)
 .data          0x20000000        0x0 led.o
 .data          0x20000000        0x1 main.o
                0x20000000                current_task
 .data          0x20000001        0x0 stm32_startup.o
                0x20000004                . = ALIGN (0x4)
 *fill*         0x20000001        0x3 
                0x20000004                _edata = .

.igot.plt       0x20000004        0x0 load address 0x080007ec
 .igot.plt      0x20000004        0x0 led.o

.bss            0x20000004       0x54 load address 0x080007ec
                0x20000004                _sbss = .
 *(.bss)
 .bss           0x20000004        0x0 led.o
 .bss           0x20000004       0x54 main.o
                0x20000004                g_tick_count
                0x20000008                user_tasks
 .bss           0x20000058        0x0 stm32_startup.o
 *(COMMON)
                0x20000058                . = ALIGN (0x4)
                0x20000058                _ebss = .
OUTPUT(finalled.elf elf32-littlearm)
LOAD linker stubs

.comment        0x00000000       0x4d
 .comment       0x00000000       0x4d led.o
                                 0x4e (size before relaxing)
 .comment       0x0000004d       0x4e main.o
 .comment       0x0000004d       0x4e stm32_startup.o

.ARM.attributes
                0x00000000       0x2e
 .ARM.attributes
                0x00000000       0x2e led.o
 .ARM.attributes
                0x0000002e       0x2e main.o
 .ARM.attributes
                0x0000005c       0x2e stm32_startup.o
